Microchip MPLAB XC8 Compiler V1.44 ()

Linker command line:

-W-3 --edf=C:\Program Files (x86)\Microchip\xc8\v1.44\dat\en_msgs.txt -cs \
  -h+dist/default/production\LED_positive.X.production.sym \
  --cmf=dist/default/production\LED_positive.X.production.cmf -z -Q18F4520 \
  -oC:\Users\knu\AppData\Local\Temp\sfp8.2 \
  -Mdist/default/production/LED_positive.X.production.map -E1 -ver=XC8 \
  -ASTACK=0A6h-05ffh -pstack=STACK -ACODE=00h-07FFFh -ACONST=00h-07FFFh \
  -ASMALLCONST=0600h-06FFhx122 -AMEDIUMCONST=0600h-07FFFh -ACOMRAM=01h-07Fh \
  -AABS1=00h-05FFh -ABIGRAM=01h-05FFh -ARAM=080h-0FFh,0100h-01FFhx5 \
  -ABANK0=080h-0FFh -ABANK1=0100h-01FFh -ABANK2=0200h-02FFh \
  -ABANK3=0300h-03FFh -ABANK4=0400h-04FFh -ABANK5=0500h-05FFh \
  -ASFR=0F80h-0FFFh -preset_vec=00h,intcode=08h,intcodelo,powerup,init \
  -pramtop=0600h -psmallconst=SMALLCONST -pmediumconst=MEDIUMCONST \
  -pconst=CONST -AFARRAM=00h-00h -ACONFIG=0300000h-030000Dh -pconfig=CONFIG \
  -AIDLOC=0200000h-0200007h -pidloc=IDLOC -AEEDATA=0F00000h-0F000FFh \
  -peeprom_data=EEDATA \
  -prdata=COMRAM,nvrram=COMRAM,nvbit=COMRAM,rbss=COMRAM,rbit=COMRAM \
  -pfarbss=FARRAM,fardata=FARRAM,nvFARRAM=FARRAM \
  -pintsave_regs=BIGRAM,bigbss=BIGRAM,bigdata=BIGRAM -pbss=RAM \
  -pidata=CODE,irdata=CODE,ibigdata=CODE,ifardata=CODE -prparam=COMRAM \
  C:\Users\knu\AppData\Local\Temp\sfp8.obj \
  dist/default/production\LED_positive.X.production.obj 

Object code version is 3.11

Machine type is 18F4520

Call graph: (short form)




                Name                               Link     Load   Length Selector   Space Scale
C:\Users\knu\AppData\Local\Temp\sfp8.obj
                init                                  E        E        4        4       0
                reset_vec                             0        0        4        0       0
                idloc                            200000   200000        8   200000       0
                config                           300000   300000        E   300000       0
dist/default/production\LED_positive.X.production.obj
                intcode                               8        8        6        4       0
                temp                                 4A       4A        1        1       1
                text14                             173A     173A      1B2        4       0
                text13                             1A3E     1A3E      14E        4       0
                text12                             1CD6     1CD6       9E        4       0
                text11                             1EA2     1EA2       4C        4       0
                text10                              ADE      ADE      AAA        4       0
                intcode_body                       1B8C     1B8C       A6        4       0
                text8                              1DE6     1DE6       70        4       0
                text7                              1588     1588      1B2        4       0
                text6                              18EC     18EC      152        4       0
                text5                              1C32     1C32       A4        4       0
                text4                              1E56     1E56       4C        4       0
                text3                                12       12      ACC        4       0
                text2                              1F28     1F28       32        4       0
                text1                              1EEE     1EEE       3A        4       0
                text0                              1D74     1D74       72        4       0
                cstackCOMRAM                          1        1       44        1       1
                cstackBANK0                          80       80       18       80       1
                bssBANK0                             98       98        C       80       1
                bssCOMRAM                            45       45        5        1       1
                cinit                              1F5A     1F5A       20        4       0
                nvBANK0                              A4       A4        2       80       1

TOTAL           Name                               Link     Load   Length     Space
        CLASS   STACK          

        CLASS   CODE           
                intcode                               8        8        6         0
                init                                  E        E        4         0
                reset_vec                             0        0        4         0
                text14                             173A     173A      1B2         0
                text13                             1A3E     1A3E      14E         0
                text12                             1CD6     1CD6       9E         0
                text11                             1EA2     1EA2       4C         0
                text10                              ADE      ADE      AAA         0
                intcode_body                       1B8C     1B8C       A6         0
                text8                              1DE6     1DE6       70         0
                text7                              1588     1588      1B2         0
                text6                              18EC     18EC      152         0
                text5                              1C32     1C32       A4         0
                text4                              1E56     1E56       4C         0
                text3                                12       12      ACC         0
                text2                              1F28     1F28       32         0
                text1                              1EEE     1EEE       3A         0
                text0                              1D74     1D74       72         0
                cinit                              1F5A     1F5A       20         0

        CLASS   CONST          

        CLASS   SMALLCONST     

        CLASS   MEDIUMCONST    

        CLASS   COMRAM         
                temp                                 4A       4A        1         1
                cstackCOMRAM                          1        1       44         1
                bssCOMRAM                            45       45        5         1

        CLASS   ABS1           

        CLASS   BIGRAM         

        CLASS   RAM            

        CLASS   BANK0          
                cstackBANK0                          80       80       18         1
                bssBANK0                             98       98        C         1
                nvBANK0                              A4       A4        2         1

        CLASS   BANK1          

        CLASS   BANK2          

        CLASS   BANK3          

        CLASS   BANK4          

        CLASS   BANK5          

        CLASS   SFR            

        CLASS   FARRAM         

        CLASS   CONFIG         
                config                           300000   300000        E         0

        CLASS   IDLOC          
                idloc                            200000   200000        8         0

        CLASS   EEDATA         



SEGMENTS        Name                           Load    Length   Top    Selector   Space  Class

                reset_vec                      000000  000004  000004         0       0  CODE    
                cstackCOMRAM                   000001  00004A  00004B         1       1  COMRAM  
                intcode                        000008  001F72  001F7A         4       0  CODE    
                cstackBANK0                    000080  000026  0000A6        80       1  BANK0   
                idloc                          200000  000008  200008    200000       0  IDLOC   
                config                         300000  00000E  30000E    300000       0  CONFIG  


UNUSED ADDRESS RANGES

        Name                Unused          Largest block    Delta
        BANK0            0000A6-0000FF               5A
        BANK1            000100-0001FF              100
        BANK2            000200-0002FF              100
        BANK3            000300-0003FF              100
        BANK4            000400-0004FF              100
        BANK5            000500-0005FF              100
        BIGRAM           00004B-00007F               35
                         0000A6-0005FF              55A
        CODE             000004-000007                4
                         001F7A-007FFF             6086
        COMRAM           00004B-00007F               35
        CONST            000004-000007                4
                         001F7A-007FFF             6086
        EEDATA           F00000-F000FF              100
        MEDIUMCONST      001F7A-007FFF             6086
        RAM              0000A6-0005FF              100
        SFR              000F80-000FFF               80
        SMALLCONST       001F7A-007FFF              100
        STACK            0000A6-0005FF              55A

                                  Symbol Table

_Hi                      intcode      000008
_INTCON2bits             (abs)        000FF1
_INTCONbits              (abs)        000FF2
_LATBbits                (abs)        000F8A
_LATC                    (abs)        000F8B
_LATCbits                (abs)        000F8B
_LATD                    (abs)        000F8C
_LATDbits                (abs)        000F8C
_OSCCONbits              (abs)        000FD3
_PORTBbits               (abs)        000F81
_RCONbits                (abs)        000FD0
_TRISBbits               (abs)        000F93
_TRISC                   (abs)        000F94
_TRISD                   (abs)        000F95
__CFG_BOREN$ON           (abs)        000000
__CFG_CPD$OFF            (abs)        000000
__CFG_LVP$OFF            (abs)        000000
__CFG_MCLRE$ON           (abs)        000000
__CFG_OSC$INTIO67        (abs)        000000
__CFG_PBADEN$OFF         (abs)        000000
__CFG_PWRT$OFF           (abs)        000000
__CFG_WDT$OFF            (abs)        000000
__HRAM                   (abs)        000000
__Habs1                  abs1         000000
__Hbank0                 bank0        000000
__Hbank1                 bank1        000000
__Hbank2                 bank2        000000
__Hbank3                 bank3        000000
__Hbank4                 bank4        000000
__Hbank5                 bank5        000000
__Hbigbss                bigbss       000000
__Hbigdata               bigdata      000000
__Hbigram                bigram       000000
__Hbss                   bss          000000
__HbssBANK0              bssBANK0     000000
__HbssCOMRAM             bssCOMRAM    000000
__Hcinit                 cinit        000000
__Hclrtext               clrtext      000000
__Hcomram                comram       000000
__Hconfig                config       30000E
__Hconst                 const        000000
__HcstackBANK0           cstackBANK0  000000
__HcstackCOMRAM          cstackCOMRAM 000000
__Hdata                  data         000000
__Heeprom_data           eeprom_data  000000
__Hfarbss                farbss       000000
__Hfardata               fardata      000000
__Hibigdata              ibigdata     000000
__Hidata                 idata        000000
__Hidloc                 idloc        200008
__Hifardata              ifardata     000000
__Hinit                  init         000012
__Hintcode               intcode      00000E
__Hintcode_body          intcode_body 000000
__Hintcodelo             intcodelo    00000E
__Hintentry              intentry     000000
__Hintret                intret       000000
__Hintsave_regs          intsave_regs 000000
__Hirdata                irdata       000000
__Hmediumconst           mediumconst  000000
__HnvBANK0               nvBANK0      000000
__HnvFARRAM              nvFARRAM     000000
__Hnvbit                 nvbit        000000
__Hnvrram                nvrram       000000
__Hparam                 rparam       000000
__Hpowerup               powerup      00000E
__Hram                   ram          000000
__Hramtop                ramtop       000600
__Hrbit                  rbit         000000
__Hrbss                  rbss         000000
__Hrdata                 rdata        000000
__Hreset_vec             reset_vec    000004
__Hrparam                rparam       000000
__Hsfr                   sfr          000000
__Hsmallconst            smallconst   000000
__Hspace_0               (abs)        30000E
__Hspace_1               (abs)        0000A6
__Hspace_2               (abs)        000000
__Hstack                 stack        000000
__Hstruct                struct       000000
__Htemp                  temp         00004B
__Htext                  text         000000
__Htext0                 text0        000000
__Htext1                 text1        000000
__Htext10                text10       000000
__Htext11                text11       000000
__Htext12                text12       000000
__Htext13                text13       000000
__Htext14                text14       000000
__Htext2                 text2        000000
__Htext3                 text3        000000
__Htext4                 text4        000000
__Htext5                 text5        000000
__Htext6                 text6        000000
__Htext7                 text7        000000
__Htext8                 text8        000000
__LRAM                   (abs)        000001
__Labs1                  abs1         000000
__Lbank0                 bank0        000000
__Lbank1                 bank1        000000
__Lbank2                 bank2        000000
__Lbank3                 bank3        000000
__Lbank4                 bank4        000000
__Lbank5                 bank5        000000
__Lbigbss                bigbss       000000
__Lbigdata               bigdata      000000
__Lbigram                bigram       000000
__Lbss                   bss          000000
__LbssBANK0              bssBANK0     000000
__LbssCOMRAM             bssCOMRAM    000000
__Lcinit                 cinit        000000
__Lclrtext               clrtext      000000
__Lcomram                comram       000000
__Lconfig                config       300000
__Lconst                 const        000000
__LcstackBANK0           cstackBANK0  000000
__LcstackCOMRAM          cstackCOMRAM 000000
__Ldata                  data         000000
__Leeprom_data           eeprom_data  000000
__Lfarbss                farbss       000000
__Lfardata               fardata      000000
__Libigdata              ibigdata     000000
__Lidata                 idata        000000
__Lidloc                 idloc        200000
__Lifardata              ifardata     000000
__Linit                  init         00000E
__Lintcode               intcode      000008
__Lintcode_body          intcode_body 000000
__Lintcodelo             intcodelo    00000E
__Lintentry              intentry     000000
__Lintret                intret       000000
__Lintsave_regs          intsave_regs 000000
__Lirdata                irdata       000000
__Lmediumconst           mediumconst  000000
__LnvBANK0               nvBANK0      000000
__LnvFARRAM              nvFARRAM     000000
__Lnvbit                 nvbit        000000
__Lnvrram                nvrram       000000
__Lparam                 rparam       000000
__Lpowerup               powerup      00000E
__Lram                   ram          000000
__Lramtop                ramtop       000600
__Lrbit                  rbit         000000
__Lrbss                  rbss         000000
__Lrdata                 rdata        000000
__Lreset_vec             reset_vec    000000
__Lrparam                rparam       000000
__Lsfr                   sfr          000000
__Lsmallconst            smallconst   000000
__Lspace_0               (abs)        000000
__Lspace_1               (abs)        000000
__Lspace_2               (abs)        000000
__Lstack                 stack        000000
__Lstruct                struct       000000
__Ltemp                  temp         00004A
__Ltext                  text         000000
__Ltext0                 text0        000000
__Ltext1                 text1        000000
__Ltext10                text10       000000
__Ltext11                text11       000000
__Ltext12                text12       000000
__Ltext13                text13       000000
__Ltext14                text14       000000
__Ltext2                 text2        000000
__Ltext3                 text3        000000
__Ltext4                 text4        000000
__Ltext5                 text5        000000
__Ltext6                 text6        000000
__Ltext7                 text7        000000
__Ltext8                 text8        000000
__S0                     (abs)        30000E
__S1                     (abs)        0000A6
__S2                     (abs)        000000
___inthi_sp              stack        000000
___intlo_sp              stack        000000
___param_bank            (abs)        000000
___rparam_used           (abs)        000001
___sp                    stack        000000
__accesstop              (abs)        000080
__activetblptr           (abs)        000000
__end_of_Hi              intcode_body 001C32
__end_of__initialization cinit        001F70
__end_of_init            text8        001E56
__end_of_main            text0        001DE6
__end_of_rgbshow         text5        001CD6
__end_of_rgbshowone      text7        00173A
__end_of_rgbshowsix      text6        001A3E
__end_of_rgbstart        text3        000ADE
__end_of_wshow           text2        001F5A
__end_of_wstart          text1        001F28
__end_of_zerorgb         text4        001EA2
__end_ofi2_rgbshow       text12       001D74
__end_ofi2_rgbshowone    text14       0018EC
__end_ofi2_rgbshowsix    text13       001B8C
__end_ofi2_rgbstart      text10       001588
__end_ofi2_zerorgb       text11       001EEE
__initialization         cinit        001F5A
__mediumconst            mediumconst  000000
__pbssBANK0              bssBANK0     000098
__pbssCOMRAM             bssCOMRAM    000045
__pcinit                 cinit        001F5A
__pcstackBANK0           cstackBANK0  000080
__pcstackCOMRAM          cstackCOMRAM 000001
__pintcode               intcode      000008
__pintcode_body          intcode_body 001B8C
__pnvBANK0               nvBANK0      0000A4
__ptext0                 text0        001D74
__ptext1                 text1        001EEE
__ptext10                text10       000ADE
__ptext11                text11       001EA2
__ptext12                text12       001CD6
__ptext13                text13       001A3E
__ptext14                text14       00173A
__ptext2                 text2        001F28
__ptext3                 text3        000012
__ptext4                 text4        001E56
__ptext5                 text5        001C32
__ptext6                 text6        0018EC
__ptext7                 text7        001588
__ptext8                 text8        001DE6
__ramtop                 ramtop       000600
__size_of_Hi             (abs)        000000
__size_of_init           (abs)        000000
__size_of_main           (abs)        000000
__size_of_rgbshow        (abs)        000000
__size_of_rgbshowone     (abs)        000000
__size_of_rgbshowsix     (abs)        000000
__size_of_rgbstart       (abs)        000000
__size_of_wshow          (abs)        000000
__size_of_wstart         (abs)        000000
__size_of_zerorgb        (abs)        000000
__size_ofi2_rgbshow      (abs)        000000
__size_ofi2_rgbshowone   (abs)        000000
__size_ofi2_rgbshowsix   (abs)        000000
__size_ofi2_rgbstart     (abs)        000000
__size_ofi2_zerorgb      (abs)        000000
__smallconst             smallconst   000000
_blue                    bssBANK0     00009E
_blue2                   bssBANK0     000098
_cc                      nvBANK0      0000A4
_distance                bssCOMRAM    000045
_green                   bssBANK0     0000A0
_green2                  bssBANK0     00009A
_init                    text8        001DE6
_main                    text0        001D74
_red                     bssBANK0     0000A2
_red2                    bssBANK0     00009C
_rgbshow                 text5        001C32
_rgbshowone              text7        001588
_rgbshowsix              text6        0018EC
_rgbstart                text3        000012
_white                   bssCOMRAM    000048
_wshow                   text2        001F28
_wstart                  text1        001EEE
_zerorgb                 text4        001E56
btemp                    temp         00004A
end_of_initialization    cinit        001F70
i2_rgbshow               text12       001CD6
i2_rgbshowone            text14       00173A
i2_rgbshowsix            text13       001A3E
i2_rgbstart              text10       000ADE
i2_zerorgb               text11       001EA2
i2rgbshow@bval           cstackCOMRAM 000017
i2rgbshow@bval2          cstackCOMRAM 00001D
i2rgbshow@flag           cstackCOMRAM 00001F
i2rgbshow@gval           cstackCOMRAM 000015
i2rgbshow@gval2          cstackCOMRAM 00001B
i2rgbshow@i              cstackCOMRAM 000021
i2rgbshow@rval           cstackCOMRAM 000013
i2rgbshow@rval2          cstackCOMRAM 000019
i2rgbshowone@bval        cstackCOMRAM 000005
i2rgbshowone@flag        cstackCOMRAM 000007
i2rgbshowone@gval        cstackCOMRAM 000003
i2rgbshowone@i           cstackCOMRAM 000009
i2rgbshowone@i_529       cstackCOMRAM 00000B
i2rgbshowone@i_530       cstackCOMRAM 00000D
i2rgbshowone@i_531       cstackCOMRAM 00000F
i2rgbshowone@rval        cstackCOMRAM 000001
i2rgbshowsix@bval        cstackCOMRAM 000005
i2rgbshowsix@bval2       cstackCOMRAM 00000B
i2rgbshowsix@flag        cstackCOMRAM 00000D
i2rgbshowsix@gval        cstackCOMRAM 000003
i2rgbshowsix@gval2       cstackCOMRAM 000009
i2rgbshowsix@i           cstackCOMRAM 00000F
i2rgbshowsix@i_541       cstackCOMRAM 000011
i2rgbshowsix@rval        cstackCOMRAM 000001
i2rgbshowsix@rval2       cstackCOMRAM 000007
int$flags                temp         00004A
int_func                 intcode_body 001B8C
intlevel0                text         000000
intlevel1                text         000000
intlevel2                text         000000
intlevel3                text         000000
main@k                   cstackBANK0  000094
main@l                   cstackBANK0  000096
rgbshow@bval             cstackBANK0  000088
rgbshow@bval2            cstackBANK0  00008E
rgbshow@flag             cstackBANK0  000090
rgbshow@gval             cstackBANK0  000086
rgbshow@gval2            cstackBANK0  00008C
rgbshow@i                cstackBANK0  000092
rgbshow@rval             cstackBANK0  000084
rgbshow@rval2            cstackBANK0  00008A
rgbshowone@bval          cstackCOMRAM 000039
rgbshowone@flag          cstackCOMRAM 00003B
rgbshowone@gval          cstackCOMRAM 000037
rgbshowone@i             cstackCOMRAM 00003D
rgbshowone@i_529         cstackCOMRAM 00003F
rgbshowone@i_530         cstackCOMRAM 000041
rgbshowone@i_531         cstackCOMRAM 000043
rgbshowone@rval          cstackCOMRAM 000035
rgbshowsix@bval          cstackCOMRAM 000039
rgbshowsix@bval2         cstackCOMRAM 00003F
rgbshowsix@flag          cstackCOMRAM 000041
rgbshowsix@gval          cstackCOMRAM 000037
rgbshowsix@gval2         cstackCOMRAM 00003D
rgbshowsix@i             cstackBANK0  000080
rgbshowsix@i_541         cstackBANK0  000082
rgbshowsix@rval          cstackCOMRAM 000035
rgbshowsix@rval2         cstackCOMRAM 00003B
stackhi                  (abs)        0005FF
stacklo                  (abs)        0000A6
start                    init         00000E
start_initialization     cinit        001F5A
wshow@i                  cstackCOMRAM 000037
wshow@wval               cstackCOMRAM 000035
wtemp6                   temp         00004B


FUNCTION INFORMATION:

 *************** function _main *****************
 Defined at:
		line 400 in file "positive.c"
 Parameters:    Size  Location     Type
		None
 Auto vars:     Size  Location     Type
  l               2   22[BANK0 ] int 
  k               2   20[BANK0 ] int 
 Return value:  Size  Location     Type
                  1    wreg      void 
 Registers used:
		wreg, status,2, status,0, cstack
 Tracked objects:
		On entry : 
		On exit  : 
		Unchanged: 
 Data sizes:     COMRAM   BANK0   BANK1   BANK2   BANK3   BANK4   BANK5
      Params:         0       0       0       0       0       0       0
      Locals:         0       4       0       0       0       0       0
      Temps:          0       0       0       0       0       0       0
      Totals:         0       4       0       0       0       0       0
Total ram usage:        4 bytes
 Hardware stack levels required when called:    7
 This function calls:
		_init
		_rgbstart
		_wstart
 This function is called by:
		Startup code after reset
 This function uses a non-reentrant model


 *************** function _wstart *****************
 Defined at:
		line 377 in file "positive.c"
 Parameters:    Size  Location     Type
		None
 Auto vars:     Size  Location     Type
		None
 Return value:  Size  Location     Type
                  1    wreg      void 
 Registers used:
		wreg, status,2, status,0, cstack
 Tracked objects:
		On entry : 
		On exit  : 
		Unchanged: 
 Data sizes:     COMRAM   BANK0   BANK1   BANK2   BANK3   BANK4   BANK5
      Params:         0       0       0       0       0       0       0
      Locals:         0       0       0       0       0       0       0
      Temps:          0       0       0       0       0       0       0
      Totals:         0       0       0       0       0       0       0
Total ram usage:        0 bytes
 Hardware stack levels used:    1
 Hardware stack levels required when called:    5
 This function calls:
		_wshow
 This function is called by:
		_main
 This function uses a non-reentrant model


 *************** function _wshow *****************
 Defined at:
		line 369 in file "positive.c"
 Parameters:    Size  Location     Type
  wval            2   52[COMRAM] int 
 Auto vars:     Size  Location     Type
  i               2   54[COMRAM] int 
 Return value:  Size  Location     Type
                  1    wreg      void 
 Registers used:
		wreg, status,2, status,0
 Tracked objects:
		On entry : 
		On exit  : 
		Unchanged: 
 Data sizes:     COMRAM   BANK0   BANK1   BANK2   BANK3   BANK4   BANK5
      Params:         2       0       0       0       0       0       0
      Locals:         2       0       0       0       0       0       0
      Temps:          0       0       0       0       0       0       0
      Totals:         4       0       0       0       0       0       0
Total ram usage:        4 bytes
 Hardware stack levels used:    1
 Hardware stack levels required when called:    4
 This function calls:
		Nothing
 This function is called by:
		_wstart
 This function uses a non-reentrant model


 *************** function _rgbstart *****************
 Defined at:
		line 214 in file "positive.c"
 Parameters:    Size  Location     Type
		None
 Auto vars:     Size  Location     Type
		None
 Return value:  Size  Location     Type
                  1    wreg      void 
 Registers used:
		wreg, status,2, status,0, cstack
 Tracked objects:
		On entry : 
		On exit  : 
		Unchanged: 
 Data sizes:     COMRAM   BANK0   BANK1   BANK2   BANK3   BANK4   BANK5
      Params:         0       0       0       0       0       0       0
      Locals:         0       0       0       0       0       0       0
      Temps:          0       0       0       0       0       0       0
      Totals:         0       0       0       0       0       0       0
Total ram usage:        0 bytes
 Hardware stack levels used:    1
 Hardware stack levels required when called:    6
 This function calls:
		_rgbshow
		_zerorgb
 This function is called by:
		_main
 This function uses a non-reentrant model


 *************** function _zerorgb *****************
 Defined at:
		line 194 in file "positive.c"
 Parameters:    Size  Location     Type
		None
 Auto vars:     Size  Location     Type
		None
 Return value:  Size  Location     Type
                  1    wreg      void 
 Registers used:
		wreg, status,2
 Tracked objects:
		On entry : 
		On exit  : 
		Unchanged: 
 Data sizes:     COMRAM   BANK0   BANK1   BANK2   BANK3   BANK4   BANK5
      Params:         0       0       0       0       0       0       0
      Locals:         0       0       0       0       0       0       0
      Temps:          0       0       0       0       0       0       0
      Totals:         0       0       0       0       0       0       0
Total ram usage:        0 bytes
 Hardware stack levels used:    1
 Hardware stack levels required when called:    4
 This function calls:
		Nothing
 This function is called by:
		_rgbstart
 This function uses a non-reentrant model


 *************** function _rgbshow *****************
 Defined at:
		line 179 in file "positive.c"
 Parameters:    Size  Location     Type
  rval            2    4[BANK0 ] int 
  gval            2    6[BANK0 ] int 
  bval            2    8[BANK0 ] int 
  rval2           2   10[BANK0 ] int 
  gval2           2   12[BANK0 ] int 
  bval2           2   14[BANK0 ] int 
  flag            2   16[BANK0 ] int 
 Auto vars:     Size  Location     Type
  i               2   18[BANK0 ] int 
 Return value:  Size  Location     Type
                  1    wreg      void 
 Registers used:
		wreg, status,2, status,0, cstack
 Tracked objects:
		On entry : 
		On exit  : 
		Unchanged: 
 Data sizes:     COMRAM   BANK0   BANK1   BANK2   BANK3   BANK4   BANK5
      Params:         0      14       0       0       0       0       0
      Locals:         0       2       0       0       0       0       0
      Temps:          0       0       0       0       0       0       0
      Totals:         0      16       0       0       0       0       0
Total ram usage:       16 bytes
 Hardware stack levels used:    1
 Hardware stack levels required when called:    5
 This function calls:
		_rgbshowone
		_rgbshowsix
 This function is called by:
		_rgbstart
 This function uses a non-reentrant model


 *************** function _rgbshowsix *****************
 Defined at:
		line 129 in file "positive.c"
 Parameters:    Size  Location     Type
  rval            2   52[COMRAM] int 
  gval            2   54[COMRAM] int 
  bval            2   56[COMRAM] int 
  rval2           2   58[COMRAM] int 
  gval2           2   60[COMRAM] int 
  bval2           2   62[COMRAM] int 
  flag            2   64[COMRAM] int 
 Auto vars:     Size  Location     Type
  i               2    2[BANK0 ] int 
  i               2    0[BANK0 ] int 
 Return value:  Size  Location     Type
                  1    wreg      void 
 Registers used:
		wreg, status,2, status,0
 Tracked objects:
		On entry : 
		On exit  : 
		Unchanged: 
 Data sizes:     COMRAM   BANK0   BANK1   BANK2   BANK3   BANK4   BANK5
      Params:        14       0       0       0       0       0       0
      Locals:         0       4       0       0       0       0       0
      Temps:          0       0       0       0       0       0       0
      Totals:        14       4       0       0       0       0       0
Total ram usage:       18 bytes
 Hardware stack levels used:    1
 Hardware stack levels required when called:    4
 This function calls:
		Nothing
 This function is called by:
		_rgbshow
 This function uses a non-reentrant model


 *************** function _rgbshowone *****************
 Defined at:
		line 70 in file "positive.c"
 Parameters:    Size  Location     Type
  rval            2   52[COMRAM] int 
  gval            2   54[COMRAM] int 
  bval            2   56[COMRAM] int 
  flag            2   58[COMRAM] int 
 Auto vars:     Size  Location     Type
  i               2   66[COMRAM] int 
  i               2   64[COMRAM] int 
  i               2   62[COMRAM] int 
  i               2   60[COMRAM] int 
 Return value:  Size  Location     Type
                  1    wreg      void 
 Registers used:
		wreg, status,2, status,0
 Tracked objects:
		On entry : 
		On exit  : 
		Unchanged: 
 Data sizes:     COMRAM   BANK0   BANK1   BANK2   BANK3   BANK4   BANK5
      Params:         8       0       0       0       0       0       0
      Locals:         8       0       0       0       0       0       0
      Temps:          0       0       0       0       0       0       0
      Totals:        16       0       0       0       0       0       0
Total ram usage:       16 bytes
 Hardware stack levels used:    1
 Hardware stack levels required when called:    4
 This function calls:
		Nothing
 This function is called by:
		_rgbshow
 This function uses a non-reentrant model


 *************** function _init *****************
 Defined at:
		line 35 in file "positive.c"
 Parameters:    Size  Location     Type
		None
 Auto vars:     Size  Location     Type
		None
 Return value:  Size  Location     Type
                  1    wreg      void 
 Registers used:
		wreg, status,2
 Tracked objects:
		On entry : 
		On exit  : 
		Unchanged: 
 Data sizes:     COMRAM   BANK0   BANK1   BANK2   BANK3   BANK4   BANK5
      Params:         0       0       0       0       0       0       0
      Locals:         0       0       0       0       0       0       0
      Temps:          0       0       0       0       0       0       0
      Totals:         0       0       0       0       0       0       0
Total ram usage:        0 bytes
 Hardware stack levels used:    1
 Hardware stack levels required when called:    4
 This function calls:
		Nothing
 This function is called by:
		_main
 This function uses a non-reentrant model


 *************** function _Hi *****************
 Defined at:
		line 388 in file "positive.c"
 Parameters:    Size  Location     Type
		None
 Auto vars:     Size  Location     Type
		None
 Return value:  Size  Location     Type
                  1    wreg      void 
 Registers used:
		wreg, status,2, status,0, cstack
 Tracked objects:
		On entry : 
		On exit  : 
		Unchanged: 
 Data sizes:     COMRAM   BANK0   BANK1   BANK2   BANK3   BANK4   BANK5
      Params:         0       0       0       0       0       0       0
      Locals:         0       0       0       0       0       0       0
      Temps:         18       0       0       0       0       0       0
      Totals:        18       0       0       0       0       0       0
Total ram usage:       18 bytes
 Hardware stack levels used:    1
 Hardware stack levels required when called:    3
 This function calls:
		i2_rgbstart
 This function is called by:
		Interrupt level 2
 This function uses a non-reentrant model


 *************** function i2_rgbstart *****************
 Defined at:
		line 214 in file "positive.c"
 Parameters:    Size  Location     Type
		None
 Auto vars:     Size  Location     Type
		None
 Return value:  Size  Location     Type
                  1    wreg      void 
 Registers used:
		wreg, status,2, status,0, cstack
 Tracked objects:
		On entry : 
		On exit  : 
		Unchanged: 
 Data sizes:     COMRAM   BANK0   BANK1   BANK2   BANK3   BANK4   BANK5
      Params:         0       0       0       0       0       0       0
      Locals:         0       0       0       0       0       0       0
      Temps:          0       0       0       0       0       0       0
      Totals:         0       0       0       0       0       0       0
Total ram usage:        0 bytes
 Hardware stack levels used:    1
 Hardware stack levels required when called:    2
 This function calls:
		i2_rgbshow
		i2_zerorgb
 This function is called by:
		_Hi
 This function uses a non-reentrant model


 *************** function i2_zerorgb *****************
 Defined at:
		line 194 in file "positive.c"
 Parameters:    Size  Location     Type
		None
 Auto vars:     Size  Location     Type
		None
 Return value:  Size  Location     Type
                  1    wreg      void 
 Registers used:
		wreg, status,2
 Tracked objects:
		On entry : 
		On exit  : 
		Unchanged: 
 Data sizes:     COMRAM   BANK0   BANK1   BANK2   BANK3   BANK4   BANK5
      Params:         0       0       0       0       0       0       0
      Locals:         0       0       0       0       0       0       0
      Temps:          0       0       0       0       0       0       0
      Totals:         0       0       0       0       0       0       0
Total ram usage:        0 bytes
 Hardware stack levels used:    1
 This function calls:
		Nothing
 This function is called by:
		i2_rgbstart
 This function uses a non-reentrant model


 *************** function i2_rgbshow *****************
 Defined at:
		line 179 in file "positive.c"
 Parameters:    Size  Location     Type
  rval            2   18[COMRAM] int 
  gval            2   20[COMRAM] int 
  bval            2   22[COMRAM] int 
  rval2           2   24[COMRAM] int 
  gval2           2   26[COMRAM] int 
  bval2           2   28[COMRAM] int 
  flag            2   30[COMRAM] int 
 Auto vars:     Size  Location     Type
  rgbshow         2   32[COMRAM] int 
 Return value:  Size  Location     Type
                  1    wreg      void 
 Registers used:
		wreg, status,2, status,0, cstack
 Tracked objects:
		On entry : 
		On exit  : 
		Unchanged: 
 Data sizes:     COMRAM   BANK0   BANK1   BANK2   BANK3   BANK4   BANK5
      Params:        14       0       0       0       0       0       0
      Locals:         2       0       0       0       0       0       0
      Temps:          0       0       0       0       0       0       0
      Totals:        16       0       0       0       0       0       0
Total ram usage:       16 bytes
 Hardware stack levels used:    1
 Hardware stack levels required when called:    1
 This function calls:
		i2_rgbshowone
		i2_rgbshowsix
 This function is called by:
		i2_rgbstart
 This function uses a non-reentrant model


 *************** function i2_rgbshowsix *****************
 Defined at:
		line 129 in file "positive.c"
 Parameters:    Size  Location     Type
  rval            2    0[COMRAM] int 
  gval            2    2[COMRAM] int 
  bval            2    4[COMRAM] int 
  rval2           2    6[COMRAM] int 
  gval2           2    8[COMRAM] int 
  bval2           2   10[COMRAM] int 
  flag            2   12[COMRAM] int 
 Auto vars:     Size  Location     Type
  rgbshowsix      2   16[COMRAM] int 
  rgbshowsix      2   14[COMRAM] int 
 Return value:  Size  Location     Type
                  1    wreg      void 
 Registers used:
		wreg, status,2, status,0
 Tracked objects:
		On entry : 
		On exit  : 
		Unchanged: 
 Data sizes:     COMRAM   BANK0   BANK1   BANK2   BANK3   BANK4   BANK5
      Params:        14       0       0       0       0       0       0
      Locals:         4       0       0       0       0       0       0
      Temps:          0       0       0       0       0       0       0
      Totals:        18       0       0       0       0       0       0
Total ram usage:       18 bytes
 Hardware stack levels used:    1
 This function calls:
		Nothing
 This function is called by:
		i2_rgbshow
 This function uses a non-reentrant model


 *************** function i2_rgbshowone *****************
 Defined at:
		line 70 in file "positive.c"
 Parameters:    Size  Location     Type
  rval            2    0[COMRAM] int 
  gval            2    2[COMRAM] int 
  bval            2    4[COMRAM] int 
  flag            2    6[COMRAM] int 
 Auto vars:     Size  Location     Type
  rgbshowone      2   14[COMRAM] int 
  rgbshowone      2   12[COMRAM] int 
  rgbshowone      2   10[COMRAM] int 
  rgbshowone      2    8[COMRAM] int 
 Return value:  Size  Location     Type
                  1    wreg      void 
 Registers used:
		wreg, status,2, status,0
 Tracked objects:
		On entry : 
		On exit  : 
		Unchanged: 
 Data sizes:     COMRAM   BANK0   BANK1   BANK2   BANK3   BANK4   BANK5
      Params:         8       0       0       0       0       0       0
      Locals:         8       0       0       0       0       0       0
      Temps:          0       0       0       0       0       0       0
      Totals:        16       0       0       0       0       0       0
Total ram usage:       16 bytes
 Hardware stack levels used:    1
 This function calls:
		Nothing
 This function is called by:
		i2_rgbshow
 This function uses a non-reentrant model



MODULE INFORMATION

Module		Function		Class		Link	Load	Size
shared
		i2_rgbshow     		CODE           	1CD6	0000	159
		i2_rgbshowone  		CODE           	173A	0000	435
		__initialization		CODE           	1F5A	0000	23
		i2_rgbshowsix  		CODE           	1A3E	0000	335
		i2_rgbstart    		CODE           	0ADE	0000	2731
		i2_zerorgb     		CODE           	1EA2	0000	77

shared estimated size: 3760

positive.c
		_init          		CODE           	1DE6	0000	113
		_Hi            		CODE           	0008	0000	173
		_main          		CODE           	1D74	0000	115
		_wshow         		CODE           	1F28	0000	51
		_rgbstart      		CODE           	0012	0000	2765
		_zerorgb       		CODE           	1E56	0000	77
		_rgbshow       		CODE           	1C32	0000	165
		_rgbshowone    		CODE           	1588	0000	435
		_rgbshowsix    		CODE           	18EC	0000	339
		_wstart        		CODE           	1EEE	0000	59

positive.c estimated size: 4292

