Microchip MPLAB XC8 Compiler V1.44 ()

Linker command line:

-W-3 --edf=C:\Program Files (x86)\Microchip\xc8\v1.44\dat\en_msgs.txt -cs \
  -h+dist/default/production\LEDtree.X.production.sym \
  --cmf=dist/default/production\LEDtree.X.production.cmf -z -Q18F4520 \
  -oC:\Users\knu\AppData\Local\Temp\s39s.2 \
  -Mdist/default/production/LEDtree.X.production.map -E1 -ver=XC8 \
  -ASTACK=086h-05ffh -pstack=STACK -ACODE=00h-07FFFh -ACONST=00h-07FFFh \
  -ASMALLCONST=0600h-06FFhx122 -AMEDIUMCONST=0600h-07FFFh -ACOMRAM=01h-07Fh \
  -AABS1=00h-05FFh -ABIGRAM=01h-05FFh -ARAM=080h-0FFh,0100h-01FFhx5 \
  -ABANK0=080h-0FFh -ABANK1=0100h-01FFh -ABANK2=0200h-02FFh \
  -ABANK3=0300h-03FFh -ABANK4=0400h-04FFh -ABANK5=0500h-05FFh \
  -ASFR=0F80h-0FFFh -preset_vec=00h,intcode=08h,intcodelo,powerup,init \
  -pramtop=0600h -psmallconst=SMALLCONST -pmediumconst=MEDIUMCONST \
  -pconst=CONST -AFARRAM=00h-00h -ACONFIG=0300000h-030000Dh -pconfig=CONFIG \
  -AIDLOC=0200000h-0200007h -pidloc=IDLOC -AEEDATA=0F00000h-0F000FFh \
  -peeprom_data=EEDATA \
  -prdata=COMRAM,nvrram=COMRAM,nvbit=COMRAM,rbss=COMRAM,rbit=COMRAM \
  -pfarbss=FARRAM,fardata=FARRAM,nvFARRAM=FARRAM \
  -pintsave_regs=BIGRAM,bigbss=BIGRAM,bigdata=BIGRAM -pbss=RAM \
  -pidata=CODE,irdata=CODE,ibigdata=CODE,ifardata=CODE -prparam=COMRAM \
  C:\Users\knu\AppData\Local\Temp\s39s.obj \
  dist/default/production\LEDtree.X.production.obj 

Object code version is 3.11

Machine type is 18F4520

Call graph: (short form)




                Name                               Link     Load   Length Selector   Space Scale
C:\Users\knu\AppData\Local\Temp\s39s.obj
                init                                  E        E        4        4       0
                reset_vec                             0        0        4        0       0
                idloc                            200000   200000        8   200000       0
                config                           300000   300000        E   300000       0
dist/default/production\LEDtree.X.production.obj
                intcode                               8        8        6        4       0
                temp                                 49       49        1        1       1
                text9                               AB2      AB2      1B2        4       0
                text8                               C64      C64      14E        4       0
                text7                               E58      E58       9E        4       0
                text6                               FAE      FAE       4A        4       0
                text5                                12       12      AA0        4       0
                intcode_body                        DB2      DB2       A6        4       0
                text3                               EF6      EF6       66        4       0
                text2                              1032     1032       34        4       0
                text1                               FF8      FF8       3A        4       0
                text0                               F5C      F5C       52        4       0
                cstackCOMRAM                          1        1       37        1       1
                cstackBANK0                          80       80        6       80       1
                bssCOMRAM                            38       38       11        1       1
                cinit                              1066     1066       16        4       0

TOTAL           Name                               Link     Load   Length     Space
        CLASS   STACK          

        CLASS   CODE           
                intcode                               8        8        6         0
                init                                  E        E        4         0
                reset_vec                             0        0        4         0
                text9                               AB2      AB2      1B2         0
                text8                               C64      C64      14E         0
                text7                               E58      E58       9E         0
                text6                               FAE      FAE       4A         0
                text5                                12       12      AA0         0
                intcode_body                        DB2      DB2       A6         0
                text3                               EF6      EF6       66         0
                text2                              1032     1032       34         0
                text1                               FF8      FF8       3A         0
                text0                               F5C      F5C       52         0
                cinit                              1066     1066       16         0

        CLASS   CONST          

        CLASS   SMALLCONST     

        CLASS   MEDIUMCONST    

        CLASS   COMRAM         
                temp                                 49       49        1         1
                cstackCOMRAM                          1        1       37         1
                bssCOMRAM                            38       38       11         1

        CLASS   ABS1           

        CLASS   BIGRAM         

        CLASS   RAM            

        CLASS   BANK0          
                cstackBANK0                          80       80        6         1

        CLASS   BANK1          

        CLASS   BANK2          

        CLASS   BANK3          

        CLASS   BANK4          

        CLASS   BANK5          

        CLASS   SFR            

        CLASS   FARRAM         

        CLASS   CONFIG         
                config                           300000   300000        E         0

        CLASS   IDLOC          
                idloc                            200000   200000        8         0

        CLASS   EEDATA         



SEGMENTS        Name                           Load    Length   Top    Selector   Space  Class

                reset_vec                      000000  000004  000004         0       0  CODE    
                cstackCOMRAM                   000001  000049  00004A         1       1  COMRAM  
                intcode                        000008  001074  00107C         4       0  CODE    
                cstackBANK0                    000080  000006  000086        80       1  BANK0   
                idloc                          200000  000008  200008    200000       0  IDLOC   
                config                         300000  00000E  30000E    300000       0  CONFIG  


UNUSED ADDRESS RANGES

        Name                Unused          Largest block    Delta
        BANK0            000086-0000FF               7A
        BANK1            000100-0001FF              100
        BANK2            000200-0002FF              100
        BANK3            000300-0003FF              100
        BANK4            000400-0004FF              100
        BANK5            000500-0005FF              100
        BIGRAM           00004A-00007F               36
                         000086-0005FF              57A
        CODE             000004-000007                4
                         00107C-007FFF             6F84
        COMRAM           00004A-00007F               36
        CONST            000004-000007                4
                         00107C-007FFF             6F84
        EEDATA           F00000-F000FF              100
        MEDIUMCONST      00107C-007FFF             6F84
        RAM              000086-0005FF              100
        SFR              000F80-000FFF               80
        SMALLCONST       00107C-007FFF              100
        STACK            000086-0005FF              57A

                                  Symbol Table

_Hi                      intcode      000008
_INTCON2bits             (abs)        000FF1
_INTCONbits              (abs)        000FF2
_LATBbits                (abs)        000F8A
_LATC                    (abs)        000F8B
_LATCbits                (abs)        000F8B
_LATD                    (abs)        000F8C
_LATDbits                (abs)        000F8C
_OSCCONbits              (abs)        000FD3
_PORTBbits               (abs)        000F81
_RB5                     (abs)        007C0D
_RCONbits                (abs)        000FD0
_TRISBbits               (abs)        000F93
_TRISC                   (abs)        000F94
_TRISD                   (abs)        000F95
__CFG_BOREN$ON           (abs)        000000
__CFG_CPD$OFF            (abs)        000000
__CFG_LVP$OFF            (abs)        000000
__CFG_MCLRE$ON           (abs)        000000
__CFG_OSC$INTIO67        (abs)        000000
__CFG_PBADEN$OFF         (abs)        000000
__CFG_PWRT$OFF           (abs)        000000
__CFG_WDT$OFF            (abs)        000000
__HRAM                   (abs)        000000
__Habs1                  abs1         000000
__Hbank0                 bank0        000000
__Hbank1                 bank1        000000
__Hbank2                 bank2        000000
__Hbank3                 bank3        000000
__Hbank4                 bank4        000000
__Hbank5                 bank5        000000
__Hbigbss                bigbss       000000
__Hbigdata               bigdata      000000
__Hbigram                bigram       000000
__Hbss                   bss          000000
__HbssCOMRAM             bssCOMRAM    000000
__Hcinit                 cinit        000000
__Hclrtext               clrtext      000000
__Hcomram                comram       000000
__Hconfig                config       30000E
__Hconst                 const        000000
__HcstackBANK0           cstackBANK0  000000
__HcstackCOMRAM          cstackCOMRAM 000000
__Hdata                  data         000000
__Heeprom_data           eeprom_data  000000
__Hfarbss                farbss       000000
__Hfardata               fardata      000000
__Hibigdata              ibigdata     000000
__Hidata                 idata        000000
__Hidloc                 idloc        200008
__Hifardata              ifardata     000000
__Hinit                  init         000012
__Hintcode               intcode      00000E
__Hintcode_body          intcode_body 000000
__Hintcodelo             intcodelo    00000E
__Hintentry              intentry     000000
__Hintret                intret       000000
__Hintsave_regs          intsave_regs 000000
__Hirdata                irdata       000000
__Hmediumconst           mediumconst  000000
__HnvFARRAM              nvFARRAM     000000
__Hnvbit                 nvbit        000000
__Hnvrram                nvrram       000000
__Hparam                 rparam       000000
__Hpowerup               powerup      00000E
__Hram                   ram          000000
__Hramtop                ramtop       000600
__Hrbit                  rbit         000000
__Hrbss                  rbss         000000
__Hrdata                 rdata        000000
__Hreset_vec             reset_vec    000004
__Hrparam                rparam       000000
__Hsfr                   sfr          000000
__Hsmallconst            smallconst   000000
__Hspace_0               (abs)        30000E
__Hspace_1               (abs)        000086
__Hspace_2               (abs)        000000
__Hstack                 stack        000000
__Hstruct                struct       000000
__Htemp                  temp         00004A
__Htext                  text         000000
__Htext0                 text0        000000
__Htext1                 text1        000000
__Htext2                 text2        000000
__Htext3                 text3        000000
__Htext5                 text5        000000
__Htext6                 text6        000000
__Htext7                 text7        000000
__Htext8                 text8        000000
__Htext9                 text9        000000
__LRAM                   (abs)        000001
__Labs1                  abs1         000000
__Lbank0                 bank0        000000
__Lbank1                 bank1        000000
__Lbank2                 bank2        000000
__Lbank3                 bank3        000000
__Lbank4                 bank4        000000
__Lbank5                 bank5        000000
__Lbigbss                bigbss       000000
__Lbigdata               bigdata      000000
__Lbigram                bigram       000000
__Lbss                   bss          000000
__LbssCOMRAM             bssCOMRAM    000000
__Lcinit                 cinit        000000
__Lclrtext               clrtext      000000
__Lcomram                comram       000000
__Lconfig                config       300000
__Lconst                 const        000000
__LcstackBANK0           cstackBANK0  000000
__LcstackCOMRAM          cstackCOMRAM 000000
__Ldata                  data         000000
__Leeprom_data           eeprom_data  000000
__Lfarbss                farbss       000000
__Lfardata               fardata      000000
__Libigdata              ibigdata     000000
__Lidata                 idata        000000
__Lidloc                 idloc        200000
__Lifardata              ifardata     000000
__Linit                  init         00000E
__Lintcode               intcode      000008
__Lintcode_body          intcode_body 000000
__Lintcodelo             intcodelo    00000E
__Lintentry              intentry     000000
__Lintret                intret       000000
__Lintsave_regs          intsave_regs 000000
__Lirdata                irdata       000000
__Lmediumconst           mediumconst  000000
__LnvFARRAM              nvFARRAM     000000
__Lnvbit                 nvbit        000000
__Lnvrram                nvrram       000000
__Lparam                 rparam       000000
__Lpowerup               powerup      00000E
__Lram                   ram          000000
__Lramtop                ramtop       000600
__Lrbit                  rbit         000000
__Lrbss                  rbss         000000
__Lrdata                 rdata        000000
__Lreset_vec             reset_vec    000000
__Lrparam                rparam       000000
__Lsfr                   sfr          000000
__Lsmallconst            smallconst   000000
__Lspace_0               (abs)        000000
__Lspace_1               (abs)        000000
__Lspace_2               (abs)        000000
__Lstack                 stack        000000
__Lstruct                struct       000000
__Ltemp                  temp         000049
__Ltext                  text         000000
__Ltext0                 text0        000000
__Ltext1                 text1        000000
__Ltext2                 text2        000000
__Ltext3                 text3        000000
__Ltext5                 text5        000000
__Ltext6                 text6        000000
__Ltext7                 text7        000000
__Ltext8                 text8        000000
__Ltext9                 text9        000000
__S0                     (abs)        30000E
__S1                     (abs)        000086
__S2                     (abs)        000000
___inthi_sp              stack        000000
___intlo_sp              stack        000000
___param_bank            (abs)        000000
___rparam_used           (abs)        000001
___sp                    stack        000000
__accesstop              (abs)        000080
__activetblptr           (abs)        000000
__end_of_Hi              intcode_body 000E58
__end_of__initialization cinit        001072
__end_of_init            text3        000F5C
__end_of_main            text0        000FAE
__end_of_rgbshow         text7        000EF6
__end_of_rgbshowone      text9        000C64
__end_of_rgbshowsix      text8        000DB2
__end_of_rgbstart        text5        000AB2
__end_of_wshow           text2        001066
__end_of_wstart          text1        001032
__end_of_zerorgb         text6        000FF8
__initialization         cinit        001066
__mediumconst            mediumconst  000000
__pbssCOMRAM             bssCOMRAM    000038
__pcinit                 cinit        001066
__pcstackBANK0           cstackBANK0  000080
__pcstackCOMRAM          cstackCOMRAM 000001
__pintcode               intcode      000008
__pintcode_body          intcode_body 000DB2
__ptext0                 text0        000F5C
__ptext1                 text1        000FF8
__ptext2                 text2        001032
__ptext3                 text3        000EF6
__ptext5                 text5        000012
__ptext6                 text6        000FAE
__ptext7                 text7        000E58
__ptext8                 text8        000C64
__ptext9                 text9        000AB2
__ramtop                 ramtop       000600
__size_of_Hi             (abs)        000000
__size_of_init           (abs)        000000
__size_of_main           (abs)        000000
__size_of_rgbshow        (abs)        000000
__size_of_rgbshowone     (abs)        000000
__size_of_rgbshowsix     (abs)        000000
__size_of_rgbstart       (abs)        000000
__size_of_wshow          (abs)        000000
__size_of_wstart         (abs)        000000
__size_of_zerorgb        (abs)        000000
__smallconst             smallconst   000000
_blue                    bssCOMRAM    000043
_blue2                   bssCOMRAM    00003D
_distance                bssCOMRAM    000038
_green                   bssCOMRAM    000045
_green2                  bssCOMRAM    00003F
_init                    text3        000EF6
_main                    text0        000F5C
_red                     bssCOMRAM    000047
_red2                    bssCOMRAM    000041
_rgbshow                 text7        000E58
_rgbshowone              text9        000AB2
_rgbshowsix              text8        000C64
_rgbstart                text5        000012
_white                   bssCOMRAM    00003B
_wshow                   text2        001032
_wstart                  text1        000FF8
_zerorgb                 text6        000FAE
btemp                    temp         000049
end_of_initialization    cinit        001072
int$flags                temp         000049
int_func                 intcode_body 000DB2
intlevel0                text         000000
intlevel1                text         000000
intlevel2                text         000000
intlevel3                text         000000
main@k                   cstackBANK0  000082
main@l                   cstackBANK0  000084
rgbshow@bval             cstackCOMRAM 000017
rgbshow@bval2            cstackCOMRAM 00001D
rgbshow@flag             cstackCOMRAM 00001F
rgbshow@gval             cstackCOMRAM 000015
rgbshow@gval2            cstackCOMRAM 00001B
rgbshow@i                cstackCOMRAM 000021
rgbshow@rval             cstackCOMRAM 000013
rgbshow@rval2            cstackCOMRAM 000019
rgbshowone@bval          cstackCOMRAM 000005
rgbshowone@flag          cstackCOMRAM 000007
rgbshowone@gval          cstackCOMRAM 000003
rgbshowone@i             cstackCOMRAM 000009
rgbshowone@i_535         cstackCOMRAM 00000B
rgbshowone@i_536         cstackCOMRAM 00000D
rgbshowone@i_537         cstackCOMRAM 00000F
rgbshowone@rval          cstackCOMRAM 000001
rgbshowsix@bval          cstackCOMRAM 000005
rgbshowsix@bval2         cstackCOMRAM 00000B
rgbshowsix@flag          cstackCOMRAM 00000D
rgbshowsix@gval          cstackCOMRAM 000003
rgbshowsix@gval2         cstackCOMRAM 000009
rgbshowsix@i             cstackCOMRAM 00000F
rgbshowsix@i_547         cstackCOMRAM 000011
rgbshowsix@rval          cstackCOMRAM 000001
rgbshowsix@rval2         cstackCOMRAM 000007
stackhi                  (abs)        0005FF
stacklo                  (abs)        000086
start                    init         00000E
start_initialization     cinit        001066
wshow@i                  cstackBANK0  000080
wshow@wval               cstackCOMRAM 000036
wtemp6                   temp         00004A


FUNCTION INFORMATION:

 *************** function _main *****************
 Defined at:
		line 402 in file "mainproject.c"
 Parameters:    Size  Location     Type
		None
 Auto vars:     Size  Location     Type
  l               2    4[BANK0 ] int 
  k               2    2[BANK0 ] int 
 Return value:  Size  Location     Type
                  1    wreg      void 
 Registers used:
		wreg, status,2, status,0, cstack
 Tracked objects:
		On entry : 
		On exit  : 
		Unchanged: 
 Data sizes:     COMRAM   BANK0   BANK1   BANK2   BANK3   BANK4   BANK5
      Params:         0       0       0       0       0       0       0
      Locals:         0       4       0       0       0       0       0
      Temps:          0       0       0       0       0       0       0
      Totals:         0       4       0       0       0       0       0
Total ram usage:        4 bytes
 Hardware stack levels required when called:    6
 This function calls:
		_init
		_wstart
 This function is called by:
		Startup code after reset
 This function uses a non-reentrant model


 *************** function _wstart *****************
 Defined at:
		line 379 in file "mainproject.c"
 Parameters:    Size  Location     Type
		None
 Auto vars:     Size  Location     Type
		None
 Return value:  Size  Location     Type
                  1    wreg      void 
 Registers used:
		wreg, status,2, status,0, cstack
 Tracked objects:
		On entry : 
		On exit  : 
		Unchanged: 
 Data sizes:     COMRAM   BANK0   BANK1   BANK2   BANK3   BANK4   BANK5
      Params:         0       0       0       0       0       0       0
      Locals:         0       0       0       0       0       0       0
      Temps:          0       0       0       0       0       0       0
      Totals:         0       0       0       0       0       0       0
Total ram usage:        0 bytes
 Hardware stack levels used:    1
 Hardware stack levels required when called:    5
 This function calls:
		_wshow
 This function is called by:
		_main
 This function uses a non-reentrant model


 *************** function _wshow *****************
 Defined at:
		line 371 in file "mainproject.c"
 Parameters:    Size  Location     Type
  wval            2   53[COMRAM] int 
 Auto vars:     Size  Location     Type
  i               2    0[BANK0 ] int 
 Return value:  Size  Location     Type
                  1    wreg      void 
 Registers used:
		wreg, status,2, status,0
 Tracked objects:
		On entry : 
		On exit  : 
		Unchanged: 
 Data sizes:     COMRAM   BANK0   BANK1   BANK2   BANK3   BANK4   BANK5
      Params:         2       0       0       0       0       0       0
      Locals:         0       2       0       0       0       0       0
      Temps:          0       0       0       0       0       0       0
      Totals:         2       2       0       0       0       0       0
Total ram usage:        4 bytes
 Hardware stack levels used:    1
 Hardware stack levels required when called:    4
 This function calls:
		Nothing
 This function is called by:
		_wstart
 This function uses a non-reentrant model


 *************** function _init *****************
 Defined at:
		line 40 in file "mainproject.c"
 Parameters:    Size  Location     Type
		None
 Auto vars:     Size  Location     Type
		None
 Return value:  Size  Location     Type
                  1    wreg      void 
 Registers used:
		wreg, status,2
 Tracked objects:
		On entry : 
		On exit  : 
		Unchanged: 
 Data sizes:     COMRAM   BANK0   BANK1   BANK2   BANK3   BANK4   BANK5
      Params:         0       0       0       0       0       0       0
      Locals:         0       0       0       0       0       0       0
      Temps:          0       0       0       0       0       0       0
      Totals:         0       0       0       0       0       0       0
Total ram usage:        0 bytes
 Hardware stack levels used:    1
 Hardware stack levels required when called:    4
 This function calls:
		Nothing
 This function is called by:
		_main
 This function uses a non-reentrant model


 *************** function _Hi *****************
 Defined at:
		line 390 in file "mainproject.c"
 Parameters:    Size  Location     Type
		None
 Auto vars:     Size  Location     Type
		None
 Return value:  Size  Location     Type
                  1    wreg      void 
 Registers used:
		wreg, status,2, status,0, cstack
 Tracked objects:
		On entry : 
		On exit  : 
		Unchanged: 
 Data sizes:     COMRAM   BANK0   BANK1   BANK2   BANK3   BANK4   BANK5
      Params:         0       0       0       0       0       0       0
      Locals:         0       0       0       0       0       0       0
      Temps:         18       0       0       0       0       0       0
      Totals:        18       0       0       0       0       0       0
Total ram usage:       18 bytes
 Hardware stack levels used:    1
 Hardware stack levels required when called:    3
 This function calls:
		_rgbstart
 This function is called by:
		Interrupt level 2
 This function uses a non-reentrant model


 *************** function _rgbstart *****************
 Defined at:
		line 218 in file "mainproject.c"
 Parameters:    Size  Location     Type
		None
 Auto vars:     Size  Location     Type
		None
 Return value:  Size  Location     Type
                  1    wreg      void 
 Registers used:
		wreg, status,2, status,0, cstack
 Tracked objects:
		On entry : 
		On exit  : 
		Unchanged: 
 Data sizes:     COMRAM   BANK0   BANK1   BANK2   BANK3   BANK4   BANK5
      Params:         0       0       0       0       0       0       0
      Locals:         0       0       0       0       0       0       0
      Temps:          1       0       0       0       0       0       0
      Totals:         1       0       0       0       0       0       0
Total ram usage:        1 bytes
 Hardware stack levels used:    1
 Hardware stack levels required when called:    2
 This function calls:
		_rgbshow
		_zerorgb
 This function is called by:
		_Hi
 This function uses a non-reentrant model


 *************** function _zerorgb *****************
 Defined at:
		line 198 in file "mainproject.c"
 Parameters:    Size  Location     Type
		None
 Auto vars:     Size  Location     Type
		None
 Return value:  Size  Location     Type
                  1    wreg      void 
 Registers used:
		wreg, status,2
 Tracked objects:
		On entry : 
		On exit  : 
		Unchanged: 
 Data sizes:     COMRAM   BANK0   BANK1   BANK2   BANK3   BANK4   BANK5
      Params:         0       0       0       0       0       0       0
      Locals:         0       0       0       0       0       0       0
      Temps:          0       0       0       0       0       0       0
      Totals:         0       0       0       0       0       0       0
Total ram usage:        0 bytes
 Hardware stack levels used:    1
 This function calls:
		Nothing
 This function is called by:
		_rgbstart
 This function uses a non-reentrant model


 *************** function _rgbshow *****************
 Defined at:
		line 183 in file "mainproject.c"
 Parameters:    Size  Location     Type
  rval            2   18[COMRAM] int 
  gval            2   20[COMRAM] int 
  bval            2   22[COMRAM] int 
  rval2           2   24[COMRAM] int 
  gval2           2   26[COMRAM] int 
  bval2           2   28[COMRAM] int 
  flag            2   30[COMRAM] int 
 Auto vars:     Size  Location     Type
  i               2   32[COMRAM] int 
 Return value:  Size  Location     Type
                  1    wreg      void 
 Registers used:
		wreg, status,2, status,0, cstack
 Tracked objects:
		On entry : 
		On exit  : 
		Unchanged: 
 Data sizes:     COMRAM   BANK0   BANK1   BANK2   BANK3   BANK4   BANK5
      Params:        14       0       0       0       0       0       0
      Locals:         2       0       0       0       0       0       0
      Temps:          0       0       0       0       0       0       0
      Totals:        16       0       0       0       0       0       0
Total ram usage:       16 bytes
 Hardware stack levels used:    1
 Hardware stack levels required when called:    1
 This function calls:
		_rgbshowone
		_rgbshowsix
 This function is called by:
		_rgbstart
 This function uses a non-reentrant model


 *************** function _rgbshowsix *****************
 Defined at:
		line 133 in file "mainproject.c"
 Parameters:    Size  Location     Type
  rval            2    0[COMRAM] int 
  gval            2    2[COMRAM] int 
  bval            2    4[COMRAM] int 
  rval2           2    6[COMRAM] int 
  gval2           2    8[COMRAM] int 
  bval2           2   10[COMRAM] int 
  flag            2   12[COMRAM] int 
 Auto vars:     Size  Location     Type
  i               2   16[COMRAM] int 
  i               2   14[COMRAM] int 
 Return value:  Size  Location     Type
                  1    wreg      void 
 Registers used:
		wreg, status,2, status,0
 Tracked objects:
		On entry : 
		On exit  : 
		Unchanged: 
 Data sizes:     COMRAM   BANK0   BANK1   BANK2   BANK3   BANK4   BANK5
      Params:        14       0       0       0       0       0       0
      Locals:         4       0       0       0       0       0       0
      Temps:          0       0       0       0       0       0       0
      Totals:        18       0       0       0       0       0       0
Total ram usage:       18 bytes
 Hardware stack levels used:    1
 This function calls:
		Nothing
 This function is called by:
		_rgbshow
 This function uses a non-reentrant model


 *************** function _rgbshowone *****************
 Defined at:
		line 74 in file "mainproject.c"
 Parameters:    Size  Location     Type
  rval            2    0[COMRAM] int 
  gval            2    2[COMRAM] int 
  bval            2    4[COMRAM] int 
  flag            2    6[COMRAM] int 
 Auto vars:     Size  Location     Type
  i               2   14[COMRAM] int 
  i               2   12[COMRAM] int 
  i               2   10[COMRAM] int 
  i               2    8[COMRAM] int 
 Return value:  Size  Location     Type
                  1    wreg      void 
 Registers used:
		wreg, status,2, status,0
 Tracked objects:
		On entry : 
		On exit  : 
		Unchanged: 
 Data sizes:     COMRAM   BANK0   BANK1   BANK2   BANK3   BANK4   BANK5
      Params:         8       0       0       0       0       0       0
      Locals:         8       0       0       0       0       0       0
      Temps:          0       0       0       0       0       0       0
      Totals:        16       0       0       0       0       0       0
Total ram usage:       16 bytes
 Hardware stack levels used:    1
 This function calls:
		Nothing
 This function is called by:
		_rgbshow
 This function uses a non-reentrant model



MODULE INFORMATION

Module		Function		Class		Link	Load	Size
mainproject.c
		_init          		CODE           	0EF6	0000	103
		_Hi            		CODE           	0008	0000	173
		_main          		CODE           	0F5C	0000	83
		_wshow         		CODE           	1032	0000	53
		_rgbstart      		CODE           	0012	0000	2721
		_zerorgb       		CODE           	0FAE	0000	75
		_rgbshow       		CODE           	0E58	0000	159
		_rgbshowone    		CODE           	0AB2	0000	435
		_rgbshowsix    		CODE           	0C64	0000	335
		_wstart        		CODE           	0FF8	0000	59

mainproject.c estimated size: 4196

shared
		__initialization		CODE           	1066	0000	13

shared estimated size: 13

